load("//rules/ts:defs.bzl", "ts_config", "ts_project")

ts_config(
    name = "tsconfig",
    src = "tsconfig.json",
    visibility = ["//:__subpackages__"],
)

ts_project(
    name = "1",
    srcs = ["1.ts"],
    tsconfig = "//:tsconfig",
)
